// Vitest Snapshot v1, https://vitest.dev/guide/snapshot.html

exports[`PhoneNumberInput Component > should match snapshot 1`] = `
<DocumentFragment>
  <div
    class="flex flex-col gap-2"
  >
    <label
      class="inline-flex items-center text-sm font-medium leading-4 text-gray-900 dark:text-gray-50 mb-[3px]"
      for=":r0:-phone-number-input"
    >
      Phone number
    </label>
    <div
      class="relative flex items-center h-9 bg-white rounded-md border border-gray-300 focus-within:ring-1 focus-within:ring-offset-0 focus-within:ring-gray-900"
    >
      <div
        class="flex flex-col gap-2"
      >
        <button
          aria-controls="radix-:r2:"
          aria-expanded="false"
          aria-haspopup="dialog"
          aria-invalid="false"
          aria-label="Select"
          class="gap-2 whitespace-nowrap text-sm font-medium transition-colors focus-visible:outline-none disabled:pointer-events-none [&_svg]:pointer-events-none [&_svg]:size-4 [&_svg]:shrink-0 flex items-center justify-between px-3 py-2 dark:border-charcoal-700 dark:bg-charcoal-900 rounded-md border border-gray-300 hover:border-gray-300 dark:hover:border-charcoal-700 dark:hover:bg-charcoal-800 dark:focus:ring-charcoal-300 focus:outline-none focus:ring-gray-900 dark:focus-visible:ring-charcoal-300 focus-visible:ring-gray-900 select focus:ring-0 focus:ring-offset-0 outline-none focus-visible:ring-0 focus-visible:ring-offset-0 h-full border-none rounded-l-md rounded-r-none bg-transparent focus:bg-transparent hover:bg-transparent w-auto shrink-0"
          data-state="closed"
          id=":r1:-select"
          role="combobox"
          type="button"
        >
          <div
            class="mx-auto flex w-full items-center justify-between gap-2"
          >
            <span
              class="text-[14px] font-normal leading-5 truncate text-gray-600 dark:text-gray-500"
            >
              +1
            </span>
            <svg
              class="cursor-pointer text-gray-700 dark:text-gray-400"
              data-testid="icon-fallback"
              fill="currentcolor"
              style="width: 16px; height: 16px;"
              viewBox="0 0 15 16"
            >
              <path
                clip-rule="evenodd"
                d="M4.93185 5.93185C4.75611 6.10759 4.75611 6.39251 4.93185 6.56825C5.10759 6.74398 5.39251 6.74398 5.56825 6.56825L7.50005 4.63644L9.43185 6.56825C9.60759 6.74398 9.89251 6.74398 10.0682 6.56825C10.244 6.39251 10.244 6.10759 10.0682 5.93185L7.81825 3.68185C7.73386 3.59746 7.6194 3.55005 7.50005 3.55005C7.3807 3.55005 7.26624 3.59746 7.18185 3.68185L4.93185 5.93185ZM10.0682 10.0682C10.244 9.89251 10.244 9.60759 10.0682 9.43185C9.89251 9.25612 9.60759 9.25612 9.43185 9.43185L7.50005 11.3637L5.56825 9.43185C5.39251 9.25612 5.10759 9.25612 4.93185 9.43185C4.75612 9.60759 4.75612 9.89251 4.93185 10.0682L7.18185 12.3182C7.35759 12.494 7.64251 12.494 7.81825 12.3182L10.0682 10.0682Z"
                fill-rule="evenodd"
              />
            </svg>
          </div>
        </button>
      </div>
      <div
        class="flex items-center h-full border-l border-gray-300"
      />
      <input
        aria-invalid="false"
        class="flex w-full rounded-md text-sm font-normal leading-5 text-gray-900 dark:text-gray-50 dark:border-charcoal-700 dark:bg-charcoal-900 border border-gray-300 px-3 py-2 font-sans placeholder:text-gray-500 dark:placeholder:text-gray-600 focus-visible:outline-none focus-visible:ring-gray-900 focus-visible:ring-offset-white dark:focus-visible:ring-charcoal-300 dark:focus-visible:ring-offset-charcoal-900 dark:focus:bg-charcoal-900 focus:bg-gray-50 disabled:cursor-not-allowed disabled:border-gray-300 disabled:bg-gray-50 disabled:text-gray-700 disabled:dark:border-charcoal-800 disabled:dark:bg-charcoal-900 disabled:dark:text-gray-300 focus:ring-0 focus:ring-offset-0 outline-none focus-visible:ring-0 focus-visible:ring-offset-0 h-full border-none rounded-r-md rounded-l-none bg-transparent flex-1"
        id=":r0:-phone-number-input"
        name="phone"
        placeholder="4155552671"
        type="tel"
        value=""
      />
    </div>
  </div>
</DocumentFragment>
`;
