// Vitest Snapshot v1, https://vitest.dev/guide/snapshot.html

exports[`Checkbox Component > should match snapshot 1`] = `
<div>
  <button
    aria-checked="false"
    class="peer size-4 shrink-0 rounded border-input border shadow-sm shadow-black/[.04] ring-offset-background transition-shadow focus-visible:border-ring focus-visible:ring-ring focus-visible:outline-none focus-visible:ring-2 focus-visible:ring-offset-2 disabled:cursor-not-allowed disabled:border-gray-700 disabled:data-[invalid=false]:data-[state=checked]:bg-gray-700 disabled:data-[invalid=false]:data-[state=indeterminate]:bg-gray-700 dark:disabled:data-[invalid=false]:data-[state=checked]:bg-gray-500 dark:disabled:data-[invalid=false]:data-[state=indeterminate]:bg-gray-500 data-[state]:border-gray-700 dark:data-[state]:border-gray-500 data-[state=checked]:bg-gray-900 data-[state=indeterminate]:bg-gray-900 dark:data-[state=checked]:bg-gray-400 dark:data-[state=indeterminate]:bg-gray-400 data-[state=checked]:text-slate-50 data-[state=indeterminate]:text-slate-50 dark:data-[state=checked]:text-gray-900 dark:data-[state=indeterminate]:text-gray-900 group-hover:border-gray-900 data-[state=checked]:group-hover:bg-gray-900 data-[state=indeterminate]:group-hover:bg-gray-900 dark:group-hover:border-slate-50 dark:data-[state=checked]:group-hover:bg-slate-50 dark:data-[state=indeterminate]:group-hover:bg-slate-50 data-[invalid=true]:data-[state]:!border-red-800 data-[invalid=true]:data-[state=checked]:!bg-red-800 data-[invalid=true]:data-[state=indeterminate]:!bg-red-800 dark:data-[invalid=true]:data-[state]:!border-red-800 dark:data-[invalid=true]:data-[state=checked]:!bg-red-800 dark:data-[invalid=true]:data-[state=indeterminate]:!bg-red-800 data-[invalid=true]:group-hover:!border-red-900 data-[invalid=true]:data-[state=checked]:group-hover:!bg-red-900 data-[invalid=true]:data-[state=indeterminate]:group-hover:!bg-red-900"
    data-state="unchecked"
    role="checkbox"
    type="button"
    value="on"
  />
</div>
`;
