// Vitest Snapshot v1, https://vitest.dev/guide/snapshot.html

exports[`UrlInput > should match snapshot 1`] = `
<div>
  <div
    class="flex flex-col gap-2"
  >
    <label
      class="inline-flex items-center text-sm font-medium leading-4 group-hover:!text-red-900 dark:group-hover:!text-red-900 text-red-900 dark:text-red-900 mb-[3px]"
      for=":r0:"
    >
      Website URL
      <span
        class="ml-1 text-gray-800 group-hover:text-gray-900 dark:text-gray-400 dark:group-hover:text-slate-50 !text-red-900 group-hover:!text-red-900"
      >
        *
      </span>
    </label>
    <div
      class="relative"
    >
      <input
        aria-invalid="true"
        class="flex h-9 w-full rounded-md text-sm font-normal leading-5 text-gray-900 dark:text-gray-50 dark:border-charcoal-700 dark:bg-charcoal-900 border border-gray-300 bg-white px-3 py-2 font-sans placeholder:text-gray-500 dark:placeholder:text-gray-600 focus-visible:outline-none focus-visible:ring-1 focus-visible:ring-gray-900 focus-visible:ring-offset-0 focus-visible:ring-offset-white dark:focus-visible:ring-charcoal-300 dark:focus-visible:ring-offset-charcoal-900 dark:focus:bg-charcoal-900 focus:bg-gray-50 disabled:cursor-not-allowed disabled:border-gray-300 disabled:bg-gray-50 disabled:text-gray-700 disabled:dark:border-charcoal-800 disabled:dark:bg-charcoal-900 disabled:dark:text-gray-300"
        data-cast="URLTrim"
        id=":r0:"
        name="test-url"
        placeholder="https://example.com"
        type="url"
        value=""
      />
    </div>
    <p
      class="font-sans text-sm font-normal leading-5 text-gray-600 dark:text-gray-500"
    >
      Enter your website URL
    </p>
    <p
      class="mb-0 inline-flex items-center text-xs font-medium text-yellow-900 dark:text-yellow-900"
      data-type="warning"
    >
      URL may be unreachable
    </p>
    <p
      class="mb-0 inline-flex items-center text-xs font-medium text-red-900 dark:text-red-900"
      data-type="error"
    >
      Invalid URL format
    </p>
  </div>
</div>
`;
